#-----------------------------------------------------------
# Vivado v2015.4 (64-bit)
# SW Build 1412921 on Wed Nov 18 09:43:45 MST 2015
# IP Build 1412160 on Tue Nov 17 13:47:24 MST 2015
# Start of session at: Thu Mar 31 23:38:38 2016
# Process ID: 2256
# Current directory: C:/Users/Dcc/Dropbox/PUC/Lab Arquitectura de Computadores/Proyecto Base
# Command line: vivado.exe -gui_launcher_event rodinguilauncherevent3212 C:\Users\Dcc\Dropbox\PUC\Lab Arquitectura de Computadores\Proyecto Base\Proyecto Base.xpr
# Log file: C:/Users/Dcc/Dropbox/PUC/Lab Arquitectura de Computadores/Proyecto Base/vivado.log
# Journal file: C:/Users/Dcc/Dropbox/PUC/Lab Arquitectura de Computadores/Proyecto Base\vivado.jou
#-----------------------------------------------------------
start_gui
open_project {C:/Users/Dcc/Dropbox/PUC/Lab Arquitectura de Computadores/Proyecto Base/Proyecto Base.xpr}
close [ open {C:/Users/Dcc/Dropbox/PUC/Lab Arquitectura de Computadores/Proyecto Base/Proyecto Base.srcs/sources_1/new/HalfAdder.vhd} w ]
add_files {{C:/Users/Dcc/Dropbox/PUC/Lab Arquitectura de Computadores/Proyecto Base/Proyecto Base.srcs/sources_1/new/HalfAdder.vhd}}
update_compile_order -fileset sources_1
close [ open {C:/Users/Dcc/Dropbox/PUC/Lab Arquitectura de Computadores/Proyecto Base/Proyecto Base.srcs/sources_1/new/FullAdder-1bit.vhd} w ]
add_files {{C:/Users/Dcc/Dropbox/PUC/Lab Arquitectura de Computadores/Proyecto Base/Proyecto Base.srcs/sources_1/new/FullAdder-1bit.vhd}}
update_compile_order -fileset sources_1
add_files -fileset sim_1 -norecurse {{C:/Users/Dcc/Dropbox/PUC/Lab Arquitectura de Computadores/Proyecto Base/Proyecto Base.srcs/sources_1/new/FullAdder-1bit.vhd}}
import_files -fileset sim_1 -force -norecurse {{C:/Users/Dcc/Dropbox/PUC/Lab Arquitectura de Computadores/Proyecto Base/Proyecto Base.srcs/sources_1/new/FullAdder-1bit.vhd}}
remove_files {{C:/Users/Dcc/Dropbox/PUC/Lab Arquitectura de Computadores/Proyecto Base/Proyecto Base.srcs/sources_1/new/FullAdder-1bit.vhd}}
file delete -force {C:/Users/Dcc/Dropbox/PUC/Lab Arquitectura de Computadores/Proyecto Base/Proyecto Base.srcs/sources_1/new/FullAdder-1bit.vhd}
update_compile_order -fileset sim_1
remove_files -fileset sim_1 {{C:/Users/Dcc/Dropbox/PUC/Lab Arquitectura de Computadores/Proyecto Base/Proyecto Base.srcs/sim_1/imports/new/FullAdder-1bit.vhd}}
file delete -force {C:/Users/Dcc/Dropbox/PUC/Lab Arquitectura de Computadores/Proyecto Base/Proyecto Base.srcs/sim_1/imports/new/FullAdder-1bit.vhd}
close [ open {C:/Users/Dcc/Dropbox/PUC/Lab Arquitectura de Computadores/Proyecto Base/Proyecto Base.srcs/sources_1/new/FullAdder-1bit.vhd} w ]
add_files {{C:/Users/Dcc/Dropbox/PUC/Lab Arquitectura de Computadores/Proyecto Base/Proyecto Base.srcs/sources_1/new/FullAdder-1bit.vhd}}
update_compile_order -fileset sources_1
close [ open {C:/Users/Dcc/Dropbox/PUC/Lab Arquitectura de Computadores/Proyecto Base/Proyecto Base.srcs/sources_1/new/FullAdder_16.vhd} w ]
add_files {{C:/Users/Dcc/Dropbox/PUC/Lab Arquitectura de Computadores/Proyecto Base/Proyecto Base.srcs/sources_1/new/FullAdder_16.vhd}}
update_compile_order -fileset sources_1
